Archive member included to satisfy reference by file (symbol)

c:/program files (x86)/atmel/studio/7.0/toolchain/arm/arm-gnu-toolchain/bin/../lib/gcc/arm-none-eabi/6.3.1/thumb/v6-m\libgcc.a(_thumb1_case_sqi.o)
                              usb/device/usbdc.o (__gnu_thumb1_case_sqi)
c:/program files (x86)/atmel/studio/7.0/toolchain/arm/arm-gnu-toolchain/bin/../lib/gcc/arm-none-eabi/6.3.1/thumb/v6-m\libgcc.a(_thumb1_case_uqi.o)
                              hal/src/hal_usb_device.o (__gnu_thumb1_case_uqi)
c:/program files (x86)/atmel/studio/7.0/toolchain/arm/arm-gnu-toolchain/bin/../lib/gcc/arm-none-eabi/6.3.1/thumb/v6-m\libgcc.a(_thumb1_case_shi.o)
                              usb/device/usbdc.o (__gnu_thumb1_case_shi)
c:/program files (x86)/atmel/studio/7.0/toolchain/arm/arm-gnu-toolchain/bin/../lib/gcc/arm-none-eabi/6.3.1/thumb/v6-m\libgcc.a(_udivsi3.o)
                              hal/src/hal_flash.o (__aeabi_uidiv)
c:/program files (x86)/atmel/studio/7.0/toolchain/arm/arm-gnu-toolchain/bin/../lib/gcc/arm-none-eabi/6.3.1/thumb/v6-m\libgcc.a(_dvmd_tls.o)
                              c:/program files (x86)/atmel/studio/7.0/toolchain/arm/arm-gnu-toolchain/bin/../lib/gcc/arm-none-eabi/6.3.1/thumb/v6-m\libgcc.a(_udivsi3.o) (__aeabi_idiv0)
c:/program files (x86)/atmel/studio/7.0/toolchain/arm/arm-gnu-toolchain/bin/../lib/gcc/arm-none-eabi/6.3.1/thumb/v6-m\libgcc.a(_aeabi_uldivmod.o)
                              hpl/sercom/hpl_sercom.o (__aeabi_uldivmod)
c:/program files (x86)/atmel/studio/7.0/toolchain/arm/arm-gnu-toolchain/bin/../lib/gcc/arm-none-eabi/6.3.1/thumb/v6-m\libgcc.a(_muldi3.o)
                              hpl/sercom/hpl_sercom.o (__aeabi_lmul)
c:/program files (x86)/atmel/studio/7.0/toolchain/arm/arm-gnu-toolchain/bin/../lib/gcc/arm-none-eabi/6.3.1/thumb/v6-m\libgcc.a(_fixunsdfsi.o)
                              hpl/sercom/hpl_sercom.o (__aeabi_d2uiz)
c:/program files (x86)/atmel/studio/7.0/toolchain/arm/arm-gnu-toolchain/bin/../lib/gcc/arm-none-eabi/6.3.1/thumb/v6-m\libgcc.a(_udivmoddi4.o)
                              c:/program files (x86)/atmel/studio/7.0/toolchain/arm/arm-gnu-toolchain/bin/../lib/gcc/arm-none-eabi/6.3.1/thumb/v6-m\libgcc.a(_aeabi_uldivmod.o) (__udivmoddi4)
c:/program files (x86)/atmel/studio/7.0/toolchain/arm/arm-gnu-toolchain/bin/../lib/gcc/arm-none-eabi/6.3.1/thumb/v6-m\libgcc.a(divdf3.o)
                              hpl/sercom/hpl_sercom.o (__aeabi_ddiv)
c:/program files (x86)/atmel/studio/7.0/toolchain/arm/arm-gnu-toolchain/bin/../lib/gcc/arm-none-eabi/6.3.1/thumb/v6-m\libgcc.a(muldf3.o)
                              hpl/sercom/hpl_sercom.o (__aeabi_dmul)
c:/program files (x86)/atmel/studio/7.0/toolchain/arm/arm-gnu-toolchain/bin/../lib/gcc/arm-none-eabi/6.3.1/thumb/v6-m\libgcc.a(subdf3.o)
                              hpl/sercom/hpl_sercom.o (__aeabi_dsub)
c:/program files (x86)/atmel/studio/7.0/toolchain/arm/arm-gnu-toolchain/bin/../lib/gcc/arm-none-eabi/6.3.1/thumb/v6-m\libgcc.a(fixdfsi.o)
                              c:/program files (x86)/atmel/studio/7.0/toolchain/arm/arm-gnu-toolchain/bin/../lib/gcc/arm-none-eabi/6.3.1/thumb/v6-m\libgcc.a(_fixunsdfsi.o) (__aeabi_d2iz)
c:/program files (x86)/atmel/studio/7.0/toolchain/arm/arm-gnu-toolchain/bin/../lib/gcc/arm-none-eabi/6.3.1/thumb/v6-m\libgcc.a(floatsidf.o)
                              hpl/sercom/hpl_sercom.o (__aeabi_i2d)
c:/program files (x86)/atmel/studio/7.0/toolchain/arm/arm-gnu-toolchain/bin/../lib/gcc/arm-none-eabi/6.3.1/thumb/v6-m\libgcc.a(floatunsidf.o)
                              hpl/sercom/hpl_sercom.o (__aeabi_ui2d)
c:/program files (x86)/atmel/studio/7.0/toolchain/arm/arm-gnu-toolchain/bin/../lib/gcc/arm-none-eabi/6.3.1/thumb/v6-m\libgcc.a(_arm_cmpdf2.o)
                              c:/program files (x86)/atmel/studio/7.0/toolchain/arm/arm-gnu-toolchain/bin/../lib/gcc/arm-none-eabi/6.3.1/thumb/v6-m\libgcc.a(_fixunsdfsi.o) (__aeabi_dcmpge)
c:/program files (x86)/atmel/studio/7.0/toolchain/arm/arm-gnu-toolchain/bin/../lib/gcc/arm-none-eabi/6.3.1/thumb/v6-m\libgcc.a(_clzsi2.o)
                              c:/program files (x86)/atmel/studio/7.0/toolchain/arm/arm-gnu-toolchain/bin/../lib/gcc/arm-none-eabi/6.3.1/thumb/v6-m\libgcc.a(divdf3.o) (__clzsi2)
c:/program files (x86)/atmel/studio/7.0/toolchain/arm/arm-gnu-toolchain/bin/../lib/gcc/arm-none-eabi/6.3.1/thumb/v6-m\libgcc.a(_clzdi2.o)
                              c:/program files (x86)/atmel/studio/7.0/toolchain/arm/arm-gnu-toolchain/bin/../lib/gcc/arm-none-eabi/6.3.1/thumb/v6-m\libgcc.a(_udivmoddi4.o) (__clzdi2)
c:/program files (x86)/atmel/studio/7.0/toolchain/arm/arm-gnu-toolchain/bin/../lib/gcc/arm-none-eabi/6.3.1/thumb/v6-m\libgcc.a(eqdf2.o)
                              c:/program files (x86)/atmel/studio/7.0/toolchain/arm/arm-gnu-toolchain/bin/../lib/gcc/arm-none-eabi/6.3.1/thumb/v6-m\libgcc.a(_arm_cmpdf2.o) (__eqdf2)
[...]
Memory Configuration

Name             Origin             Length             Attributes
rom              0x00000000         0x00040000         xr
ram              0x20000000         0x00008000         xrw
*default*        0x00000000         0xffffffff

Linker script and memory map

LOAD c:/program files (x86)/atmel/studio/7.0/toolchain/arm/arm-gnu-toolchain/bin/../lib/gcc/arm-none-eabi/6.3.1/thumb/v6-m/crti.o
LOAD c:/program files (x86)/atmel/studio/7.0/toolchain/arm/arm-gnu-toolchain/bin/../lib/gcc/arm-none-eabi/6.3.1/thumb/v6-m/crtbegin.o
LOAD c:/program files (x86)/atmel/studio/7.0/toolchain/arm/arm-gnu-toolchain/bin/../lib/gcc/arm-none-eabi/6.3.1/../../../../arm-none-eabi/lib/thumb/v6-m/crt0.o
LOAD atmel_start.o
LOAD Device_Startup/startup_samd21.o
LOAD Device_Startup/system_samd21.o
LOAD driver_init.o
LOAD examples/driver_examples.o
LOAD hal/src/hal_atomic.o
LOAD hal/src/hal_delay.o
LOAD hal/src/hal_flash.o
LOAD hal/src/hal_gpio.o
LOAD hal/src/hal_init.o
LOAD hal/src/hal_io.o
LOAD hal/src/hal_sleep.o
LOAD hal/src/hal_spi_m_sync.o
LOAD hal/src/hal_usb_device.o
LOAD hal/utils/src/utils_assert.o
LOAD hal/utils/src/utils_event.o
LOAD hal/utils/src/utils_list.o
LOAD hal/utils/src/utils_syscalls.o
LOAD hpl/core/hpl_core_m0plus_base.o
LOAD hpl/core/hpl_init.o
LOAD hpl/dmac/hpl_dmac.o
LOAD hpl/gclk/hpl_gclk.o
LOAD hpl/nvmctrl/hpl_nvmctrl.o
LOAD hpl/pm/hpl_pm.o
LOAD hpl/sercom/hpl_sercom.o
LOAD hpl/sysctrl/hpl_sysctrl.o
LOAD hpl/usb/hpl_usb.o
LOAD main.o
LOAD usb/class/cdc/device/cdcdf_acm.o
LOAD usb/device/usbdc.o
LOAD usb/usb_protocol.o
LOAD usb_start.o
START GROUP
LOAD c:/program files (x86)/atmel/studio/7.0/toolchain/arm/arm-gnu-toolchain/bin/../lib/gcc/arm-none-eabi/6.3.1/../../../../arm-none-eabi/lib/thumb/v6-m\libm.a
END GROUP
START GROUP
LOAD c:/program files (x86)/atmel/studio/7.0/toolchain/arm/arm-gnu-toolchain/bin/../lib/gcc/arm-none-eabi/6.3.1/thumb/v6-m\libgcc.a
LOAD c:/program files (x86)/atmel/studio/7.0/toolchain/arm/arm-gnu-toolchain/bin/../lib/gcc/arm-none-eabi/6.3.1/../../../../arm-none-eabi/lib/thumb/v6-m\libc_nano.a
END GROUP
START GROUP
LOAD c:/program files (x86)/atmel/studio/7.0/toolchain/arm/arm-gnu-toolchain/bin/../lib/gcc/arm-none-eabi/6.3.1/thumb/v6-m\libgcc.a
LOAD c:/program files (x86)/atmel/studio/7.0/toolchain/arm/arm-gnu-toolchain/bin/../lib/gcc/arm-none-eabi/6.3.1/../../../../arm-none-eabi/lib/thumb/v6-m\libc_nano.a
END GROUP
LOAD c:/program files (x86)/atmel/studio/7.0/toolchain/arm/arm-gnu-toolchain/bin/../lib/gcc/arm-none-eabi/6.3.1/thumb/v6-m/crtend.o
LOAD c:/program files (x86)/atmel/studio/7.0/toolchain/arm/arm-gnu-toolchain/bin/../lib/gcc/arm-none-eabi/6.3.1/thumb/v6-m/crtn.o
                0x00002000                STACK_SIZE = DEFINED (STACK_SIZE)?STACK_SIZE:DEFINED (__stack_size__)?__stack_size__:0x2000

.text           0x00000000     0x2ab4
                0x00000000                . = ALIGN (0x4)
                0x00000000                _sfixed = .
 *(.vectors .vectors.*)
 .vectors       0x00000000       0xb4 Device_Startup/startup_samd21.o
                0x00000000                exception_table
 *(.text .text.* .gnu.linkonce.t.*)
 .text          0x000000b4       0x60 c:/program files (x86)/atmel/studio/7.0/toolchain/arm/arm-gnu-toolchain/bin/../lib/gcc/arm-none-eabi/6.3.1/thumb/v6-m/crtbegin.o
 .text.atmel_start_init
                0x00000114       0x14 atmel_start.o
                0x00000114                atmel_start_init
 .text.Dummy_Handler
                0x00000128        0x2 Device_Startup/startup_samd21.o
                0x00000128                SVCall_Handler
                0x00000128                DMAC_Handler
                0x00000128                HardFault_Handler
                0x00000128                AC_Handler
                0x00000128                SysTick_Handler
                0x00000128                PendSV_Handler
                0x00000128                SERCOM1_Handler
                0x00000128                ADC_Handler
                0x00000128                NonMaskableInt_Handler
                0x00000128                TCC1_Handler
                0x00000128                SERCOM2_Handler
                0x00000128                TCC0_Handler
                0x00000128                RTC_Handler
                0x00000128                EIC_Handler
                0x00000128                WDT_Handler
                0x00000128                TC4_Handler
                0x00000128                TC3_Handler
                0x00000128                Dummy_Handler
                0x00000128                PM_Handler
                0x00000128                SERCOM5_Handler
                0x00000128                TCC2_Handler
                0x00000128                EVSYS_Handler
                0x00000128                SERCOM3_Handler
                0x00000128                SERCOM4_Handler
                0x00000128                I2S_Handler
                0x00000128                SERCOM0_Handler
                0x00000128                DAC_Handler
                0x00000128                PTC_Handler
                0x00000128                TC5_Handler
                0x00000128                SYSCTRL_Handler
 *fill*         0x0000012a        0x2 
 .text.Reset_Handler
                0x0000012c       0xbc Device_Startup/startup_samd21.o
                0x0000012c                Reset_Handler
 .text._gpio_set_pin_function
                0x000001e8       0x70 driver_init.o
 .text._gpio_set_direction
                0x00000258       0x7c driver_init.o
 .text._gpio_set_pin_pull_mode.constprop.2
                0x000002d4       0x18 driver_init.o
 .text.INTERNAL_FLASH_CLOCK_init
                0x000002ec       0x10 driver_init.o
                0x000002ec                INTERNAL_FLASH_CLOCK_init
 .text.INTERNAL_FLASH_init
                0x000002fc       0x20 driver_init.o
                0x000002fc                INTERNAL_FLASH_init
 .text.M0_SPI_FLASH_PORT_init
                0x0000031c       0x64 driver_init.o
                0x0000031c                M0_SPI_FLASH_PORT_init
 .text.M0_SPI_FLASH_CLOCK_init
                0x00000380       0x20 driver_init.o
                0x00000380                M0_SPI_FLASH_CLOCK_init
 .text.M0_SPI_FLASH_init
                0x000003a0       0x28 driver_init.o
                0x000003a0                M0_SPI_FLASH_init
 .text.RED_BOARD_SPI_FLASH_PORT_init
                0x000003c8       0x60 driver_init.o
                0x000003c8                RED_BOARD_SPI_FLASH_PORT_init
 .text.RED_BOARD_SPI_FLASH_CLOCK_init
                0x00000428       0x20 driver_init.o
                0x00000428                RED_BOARD_SPI_FLASH_CLOCK_init
 .text.RED_BOARD_SPI_FLASH_init
                0x00000448       0x28 driver_init.o
                0x00000448                RED_BOARD_SPI_FLASH_init
 .text.USB_DEVICE_INSTANCE_PORT_init
                0x00000470       0x58 driver_init.o
                0x00000470                USB_DEVICE_INSTANCE_PORT_init
 .text.USB_DEVICE_INSTANCE_CLOCK_init
                0x000004c8       0x28 driver_init.o
                0x000004c8                USB_DEVICE_INSTANCE_CLOCK_init
 .text.USB_DEVICE_INSTANCE_init
                0x000004f0       0x1c driver_init.o
                0x000004f0                USB_DEVICE_INSTANCE_init
 .text.system_init
                0x0000050c       0x68 driver_init.o
                0x0000050c                system_init
 .text.atomic_enter_critical
                0x00000574        0xe hal/src/hal_atomic.o
                0x00000574                atomic_enter_critical
 .text.atomic_leave_critical
                0x00000582        0xc hal/src/hal_atomic.o
                0x00000582                atomic_leave_critical
 .text.flash_ready
                0x0000058e        0xc hal/src/hal_flash.o
 .text.flash_error
                0x0000059a        0xc hal/src/hal_flash.o
 *fill*         0x000005a6        0x2 
 .text.flash_init
                0x000005a8       0x44 hal/src/hal_flash.o
                0x000005a8                flash_init
 .text.spi_m_sync_init
                0x000005ec       0x50 hal/src/hal_spi_m_sync.o
                0x000005ec                spi_m_sync_init
 .text.spi_m_sync_transfer
                0x0000063c       0x44 hal/src/hal_spi_m_sync.o
                0x0000063c                spi_m_sync_transfer
 .text._spi_m_sync_io_write
                0x00000680       0x38 hal/src/hal_spi_m_sync.o
 .text._spi_m_sync_io_read
                0x000006b8       0x38 hal/src/hal_spi_m_sync.o
 .text._usb_d_find_ep
                0x000006f0       0x34 hal/src/hal_usb_device.o
 .text.usb_d_dummy_cb_false
                0x00000724        0x4 hal/src/hal_usb_device.o
 .text.usb_d_cb_trans_more
                0x00000728       0x2c hal/src/hal_usb_device.o
 .text._usb_d_cb_trans_done
                0x00000754       0xf8 hal/src/hal_usb_device.o
 .text.usb_d_cb_trans_setup
                0x0000084c       0x84 hal/src/hal_usb_device.o
 .text.usb_d_init
                0x000008d0       0x68 hal/src/hal_usb_device.o
                0x000008d0                usb_d_init
 .text.usb_d_register_callback
                0x00000938        0xc hal/src/hal_usb_device.o
                0x00000938                usb_d_register_callback
 .text.usb_d_enable
                0x00000944        0xc hal/src/hal_usb_device.o
                0x00000944                usb_d_enable
 .text.usb_d_attach
                0x00000950        0xc hal/src/hal_usb_device.o
                0x00000950                usb_d_attach
 .text.usb_d_set_address
                0x0000095c        0xc hal/src/hal_usb_device.o
                0x0000095c                usb_d_set_address
 .text.usb_d_ep_init
                0x00000968       0x50 hal/src/hal_usb_device.o
                0x00000968                usb_d_ep_init
 .text.usb_d_ep0_init
                0x000009b8       0x14 hal/src/hal_usb_device.o
                0x000009b8                usb_d_ep0_init
 .text.usb_d_ep_deinit
                0x000009cc       0x2c hal/src/hal_usb_device.o
                0x000009cc                usb_d_ep_deinit
 .text.usb_d_ep_enable
                0x000009f8       0x40 hal/src/hal_usb_device.o
                0x000009f8                usb_d_ep_enable
 .text.usb_d_ep_transfer
                0x00000a38       0xf8 hal/src/hal_usb_device.o
                0x00000a38                usb_d_ep_transfer
 .text.usb_d_ep_halt
                0x00000b30       0x60 hal/src/hal_usb_device.o
                0x00000b30                usb_d_ep_halt
 .text.usb_d_ep_register_callback
                0x00000b90       0x4c hal/src/hal_usb_device.o
                0x00000b90                usb_d_ep_register_callback
 .text.assert   0x00000bdc        0x8 hal/utils/src/utils_assert.o
                0x00000bdc                assert
 .text.is_list_element
                0x00000be4       0x10 hal/utils/src/utils_list.o
                0x00000be4                is_list_element
 .text.list_insert_at_end
                0x00000bf4       0x40 hal/utils/src/utils_list.o
                0x00000bf4                list_insert_at_end
 .text._init_chip
                0x00000c34       0x38 hpl/core/hpl_init.o
                0x00000c34                _init_chip
 .text._gclk_init_generators_by_fref
                0x00000c6c       0x3c hpl/gclk/hpl_gclk.o
                0x00000c6c                _gclk_init_generators_by_fref
 .text._flash_init
                0x00000ca8       0x60 hpl/nvmctrl/hpl_nvmctrl.o
                0x00000ca8                _flash_init
 .text.NVMCTRL_Handler
                0x00000d08       0x30 hpl/nvmctrl/hpl_nvmctrl.o
                0x00000d08                NVMCTRL_Handler
 .text._pm_init
                0x00000d38       0x20 hpl/pm/hpl_pm.o
                0x00000d38                _pm_init
 .text.hri_sercomspi_wait_for_sync
                0x00000d58        0x8 hpl/sercom/hpl_sercom.o
 .text._spi_m_sync_init
                0x00000d60      0x1c8 hpl/sercom/hpl_sercom.o
                0x00000d60                _spi_m_sync_init
 .text._spi_m_sync_trans
                0x00000f28       0xdc hpl/sercom/hpl_sercom.o
                0x00000f28                _spi_m_sync_trans
 .text._sysctrl_init_sources
                0x00001004       0x18 hpl/sysctrl/hpl_sysctrl.o
                0x00001004                _sysctrl_init_sources
 .text._sysctrl_init_referenced_generators
                0x0000101c       0x7c hpl/sysctrl/hpl_sysctrl.o
                0x0000101c                _sysctrl_init_referenced_generators
 .text._dummy_func_no_return
                0x00001098        0x4 hpl/usb/hpl_usb.o
 .text._usb_d_dev_wait_dfll_rdy
                0x0000109c       0x24 hpl/usb/hpl_usb.o
 .text._usb_d_dev_ept
                0x000010c0       0x1c hpl/usb/hpl_usb.o
 .text._usb_d_dev_handle_setup
                0x000010dc       0x7c hpl/usb/hpl_usb.o
 .text._usb_d_dev_handle_stall
                0x00001158       0x2c hpl/usb/hpl_usb.o
 .text._usb_d_dev_trans_done
                0x00001184       0x24 hpl/usb/hpl_usb.o
 .text._usb_d_dev_trans_stop
                0x000011a8       0x60 hpl/usb/hpl_usb.o
 .text._usb_d_dev_handle_trfail
                0x00001208       0xe4 hpl/usb/hpl_usb.o
 .text._usb_d_dev_reset_epts
                0x000012ec       0x3c hpl/usb/hpl_usb.o
 .text._usb_d_dev_in_next
                0x00001328      0x170 hpl/usb/hpl_usb.o
 .text._usb_d_dev_out_next
                0x00001498      0x1d4 hpl/usb/hpl_usb.o
 .text._usbd_ep_pcksize_size
                0x0000166c       0x38 hpl/usb/hpl_usb.o
 .text._usb_d_dev_init
                0x000016a4       0xc4 hpl/usb/hpl_usb.o
                0x000016a4                _usb_d_dev_init
 .text._usb_d_dev_enable
                0x00001768       0x48 hpl/usb/hpl_usb.o
                0x00001768                _usb_d_dev_enable
 .text._usb_d_dev_attach
                0x000017b0       0x10 hpl/usb/hpl_usb.o
                0x000017b0                _usb_d_dev_attach
 .text._usb_d_dev_set_address
                0x000017c0       0x10 hpl/usb/hpl_usb.o
                0x000017c0                _usb_d_dev_set_address
 .text._usb_d_dev_ep_init
                0x000017d0       0xc8 hpl/usb/hpl_usb.o
                0x000017d0                _usb_d_dev_ep_init
 .text._usb_d_dev_ep_deinit
                0x00001898       0x7c hpl/usb/hpl_usb.o
                0x00001898                _usb_d_dev_ep_deinit
 .text._usb_d_dev_ep_enable
                0x00001914      0x13c hpl/usb/hpl_usb.o
                0x00001914                _usb_d_dev_ep_enable
 .text._usb_d_dev_ep_stall
                0x00001a50       0xd0 hpl/usb/hpl_usb.o
                0x00001a50                _usb_d_dev_ep_stall
 .text._usb_d_dev_ep_read_req
                0x00001b20       0x58 hpl/usb/hpl_usb.o
                0x00001b20                _usb_d_dev_ep_read_req
 .text._usb_d_dev_ep_trans
                0x00001b78      0x118 hpl/usb/hpl_usb.o
                0x00001b78                _usb_d_dev_ep_trans
 .text._usb_d_dev_register_callback
                0x00001c90       0x24 hpl/usb/hpl_usb.o
                0x00001c90                _usb_d_dev_register_callback
 .text._usb_d_dev_register_ep_callback
                0x00001cb4       0x2c hpl/usb/hpl_usb.o
                0x00001cb4                _usb_d_dev_register_ep_callback
 .text.USB_Handler
                0x00001ce0      0x1cc hpl/usb/hpl_usb.o
                0x00001ce0                USB_Handler
 .text.startup.main
                0x00001eac       0x18 main.o
                0x00001eac                main
 .text.cdcdf_acm_req
                0x00001ec4       0xdc usb/class/cdc/device/cdcdf_acm.o
 .text.cdcdf_acm_ctrl
                0x00001fa0      0x124 usb/class/cdc/device/cdcdf_acm.o
 .text.cdcdf_acm_init
                0x000020c4       0x44 usb/class/cdc/device/cdcdf_acm.o
                0x000020c4                cdcdf_acm_init
 .text.cdcdf_acm_read
                0x00002108       0x28 usb/class/cdc/device/cdcdf_acm.o
                0x00002108                cdcdf_acm_read
 .text.cdcdf_acm_write
                0x00002130       0x28 usb/class/cdc/device/cdcdf_acm.o
                0x00002130                cdcdf_acm_write
 .text.cdcdf_acm_register_callback
                0x00002158       0x38 usb/class/cdc/device/cdcdf_acm.o
                0x00002158                cdcdf_acm_register_callback
 .text.cdcdf_acm_is_enabled
                0x00002190        0xc usb/class/cdc/device/cdcdf_acm.o
                0x00002190                cdcdf_acm_is_enabled
 .text.usbdc_unconfig
                0x0000219c       0x20 usb/device/usbdc.o
 .text.usbdc_change_notify
                0x000021bc       0x24 usb/device/usbdc.o
 .text.usbdc_request_handler
                0x000021e0       0x3c usb/device/usbdc.o
 .text.usbd_sof_cb
                0x0000221c       0x1c usb/device/usbdc.o
 .text.usbdc_cb_ctl_done
                0x00002238       0x70 usb/device/usbdc.o
 .text.usbdc_reset
                0x000022a8       0x58 usb/device/usbdc.o
                0x000022a8                usbdc_reset
 .text.usbd_event_cb
                0x00002300       0x20 usb/device/usbdc.o
 .text.usbdc_xfer
                0x00002320       0x1c usb/device/usbdc.o
                0x00002320                usbdc_xfer
 .text.usbdc_cb_ctl_req
                0x0000233c      0x31c usb/device/usbdc.o
 .text.usbdc_register_handler
                0x00002658       0x30 usb/device/usbdc.o
                0x00002658                usbdc_register_handler
 .text.usbdc_init
                0x00002688       0x60 usb/device/usbdc.o
                0x00002688                usbdc_init
 .text.usbdc_register_function
                0x000026e8       0x18 usb/device/usbdc.o
                0x000026e8                usbdc_register_function
 .text.usbdc_start
                0x00002700       0x34 usb/device/usbdc.o
                0x00002700                usbdc_start
 .text.usbdc_attach
                0x00002734        0xc usb/device/usbdc.o
                0x00002734                usbdc_attach
 .text.usbdc_get_ctrl_buffer
                0x00002740        0xc usb/device/usbdc.o
                0x00002740                usbdc_get_ctrl_buffer
 .text.usbdc_get_state
                0x0000274c       0x14 usb/device/usbdc.o
                0x0000274c                usbdc_get_state
 .text.usb_find_desc
                0x00002760       0x1a usb/usb_protocol.o
                0x00002760                usb_find_desc
 .text.usb_find_ep_desc
                0x0000277a       0x1c usb/usb_protocol.o
                0x0000277a                usb_find_ep_desc
 *fill*         0x00002796        0x2 
 .text.usb_find_cfg_desc
                0x00002798       0x3c usb/usb_protocol.o
                0x00002798                usb_find_cfg_desc
 .text.usb_find_str_desc
                0x000027d4       0x30 usb/usb_protocol.o
                0x000027d4                usb_find_str_desc
 .text.usb_device_cb_bulk_in
                0x00002804       0x18 usb_start.o
 .text.usb_device_cb_bulk_out
                0x0000281c       0x18 usb_start.o
 .text.usb_device_cb_state_c
                0x00002834       0x3c usb_start.o
 .text.cdc_device_acm_init
                0x00002870       0x34 usb_start.o
                0x00002870                cdc_device_acm_init
 .text.cdcd_acm_example
                0x000028a4       0x20 usb_start.o
                0x000028a4                cdcd_acm_example
 .text.usb_init
                0x000028c4        0xc usb_start.o
                0x000028c4                usb_init
 .text          0x000028d0       0x14 c:/program files (x86)/atmel/studio/7.0/toolchain/arm/arm-gnu-toolchain/bin/../lib/gcc/arm-none-eabi/6.3.1/thumb/v6-m\libgcc.a(_thumb1_case_sqi.o)
                0x000028d0                __gnu_thumb1_case_sqi
 .text          0x000028e4       0x14 c:/program files (x86)/atmel/studio/7.0/toolchain/arm/arm-gnu-toolchain/bin/../lib/gcc/arm-none-eabi/6.3.1/thumb/v6-m\libgcc.a(_thumb1_case_uqi.o)
                0x000028e4                __gnu_thumb1_case_uqi
 .text          0x000028f8       0x14 c:/program files (x86)/atmel/studio/7.0/toolchain/arm/arm-gnu-toolchain/bin/../lib/gcc/arm-none-eabi/6.3.1/thumb/v6-m\libgcc.a(_thumb1_case_shi.o)
                0x000028f8                __gnu_thumb1_case_shi
 .text.__libc_init_array
                0x0000290c       0x48 c:/program files (x86)/atmel/studio/7.0/toolchain/arm/arm-gnu-toolchain/bin/../lib/gcc/arm-none-eabi/6.3.1/../../../../arm-none-eabi/lib/thumb/v6-m\libc_nano.a(lib_a-init.o)
                0x0000290c                __libc_init_array
 .text.memcpy   0x00002954       0x12 c:/program files (x86)/atmel/studio/7.0/toolchain/arm/arm-gnu-toolchain/bin/../lib/gcc/arm-none-eabi/6.3.1/../../../../arm-none-eabi/lib/thumb/v6-m\libc_nano.a(lib_a-memcpy-stub.o)
                0x00002954                memcpy
 .text.memset   0x00002966       0x10 c:/program files (x86)/atmel/studio/7.0/toolchain/arm/arm-gnu-toolchain/bin/../lib/gcc/arm-none-eabi/6.3.1/../../../../arm-none-eabi/lib/thumb/v6-m\libc_nano.a(lib_a-memset.o)
                0x00002966                memset
 *(.glue_7t)
 .glue_7t       0x00002976        0x0 linker stubs
 *(.glue_7)
 .glue_7        0x00002976        0x0 linker stubs
 *(.rodata .rodata* .gnu.linkonce.r.*)
 .rodata.str1.1
                0x00002976       0x1c driver_init.o
 .rodata.str1.1
                0x00002992       0x17 hal/src/hal_flash.o
 .rodata.str1.1
                0x000029a9       0x1c hal/src/hal_spi_m_sync.o
 .rodata.str1.1
                0x000029c5       0x1e hal/utils/src/utils_list.o
 .rodata.str1.1
                0x000029e3       0x1d hpl/nvmctrl/hpl_nvmctrl.o
 .rodata        0x00002a00       0x3a hpl/sercom/hpl_sercom.o
 .rodata.str1.1
                0x00002a3a       0x1b hpl/sercom/hpl_sercom.o
 *fill*         0x00002a55        0x3 
 .rodata        0x00002a58       0x24 hpl/usb/hpl_usb.o
 .rodata.str1.1
                0x00002a7c       0x16 usb/device/usbdc.o
 *(.ARM.extab* .gnu.linkonce.armextab.*)
                0x00002a94                . = ALIGN (0x4)
 *fill*         0x00002a92        0x2 
 *(.init)
 .init          0x00002a94        0x4 c:/program files (x86)/atmel/studio/7.0/toolchain/arm/arm-gnu-toolchain/bin/../lib/gcc/arm-none-eabi/6.3.1/thumb/v6-m/crti.o
                0x00002a94                _init
 .init          0x00002a98        0x8 c:/program files (x86)/atmel/studio/7.0/toolchain/arm/arm-gnu-toolchain/bin/../lib/gcc/arm-none-eabi/6.3.1/thumb/v6-m/crtn.o
                0x00002aa0                . = ALIGN (0x4)
                0x00002aa0                __preinit_array_start = .
 *(.preinit_array)
                0x00002aa0                __preinit_array_end = .
                0x00002aa0                . = ALIGN (0x4)
                0x00002aa0                __init_array_start = .
 *(SORT(.init_array.*))
 *(.init_array)
 .init_array    0x00002aa0        0x4 c:/program files (x86)/atmel/studio/7.0/toolchain/arm/arm-gnu-toolchain/bin/../lib/gcc/arm-none-eabi/6.3.1/thumb/v6-m/crtbegin.o
                0x00002aa4                __init_array_end = .
                0x00002aa4                . = ALIGN (0x4)
 *crtbegin.o(.ctors)
 *(EXCLUDE_FILE(*crtend.o) .ctors)
 *(SORT(.ctors.*))
 *crtend.o(.ctors)
                0x00002aa4                . = ALIGN (0x4)
 *(.fini)
 .fini          0x00002aa4        0x4 c:/program files (x86)/atmel/studio/7.0/toolchain/arm/arm-gnu-toolchain/bin/../lib/gcc/arm-none-eabi/6.3.1/thumb/v6-m/crti.o
                0x00002aa4                _fini
 .fini          0x00002aa8        0x8 c:/program files (x86)/atmel/studio/7.0/toolchain/arm/arm-gnu-toolchain/bin/../lib/gcc/arm-none-eabi/6.3.1/thumb/v6-m/crtn.o
                0x00002ab0                . = ALIGN (0x4)
                0x00002ab0                __fini_array_start = .
 *(.fini_array)
 .fini_array    0x00002ab0        0x4 c:/program files (x86)/atmel/studio/7.0/toolchain/arm/arm-gnu-toolchain/bin/../lib/gcc/arm-none-eabi/6.3.1/thumb/v6-m/crtbegin.o
 *(SORT(.fini_array.*))
                0x00002ab4                __fini_array_end = .
 *crtbegin.o(.dtors)
 *(EXCLUDE_FILE(*crtend.o) .dtors)
 *(SORT(.dtors.*))
 *crtend.o(.dtors)
                0x00002ab4                . = ALIGN (0x4)
                0x00002ab4                _efixed = .
                [!provide]                PROVIDE (__exidx_start, .)

.vfp11_veneer   0x00002ab4        0x0
 .vfp11_veneer  0x00002ab4        0x0 linker stubs

.v4_bx          0x00002ab4        0x0
 .v4_bx         0x00002ab4        0x0 linker stubs

.iplt           0x00002ab4        0x0
 .iplt          0x00002ab4        0x0 c:/program files (x86)/atmel/studio/7.0/toolchain/arm/arm-gnu-toolchain/bin/../lib/gcc/arm-none-eabi/6.3.1/thumb/v6-m/crtbegin.o

.eh_frame       0x00002ab4        0x0
 .eh_frame      0x00002ab4        0x0 c:/program files (x86)/atmel/studio/7.0/toolchain/arm/arm-gnu-toolchain/bin/../lib/gcc/arm-none-eabi/6.3.1/thumb/v6-m/crtbegin.o

.rel.dyn        0x00002ab4        0x0
 .rel.iplt      0x00002ab4        0x0 c:/program files (x86)/atmel/studio/7.0/toolchain/arm/arm-gnu-toolchain/bin/../lib/gcc/arm-none-eabi/6.3.1/thumb/v6-m/crtbegin.o

.jcr            0x00002ab4        0x0
 .jcr           0x00002ab4        0x0 c:/program files (x86)/atmel/studio/7.0/toolchain/arm/arm-gnu-toolchain/bin/../lib/gcc/arm-none-eabi/6.3.1/thumb/v6-m/crtbegin.o

.igot.plt       0x00002ab4        0x0
 .igot.plt      0x00002ab4        0x0 c:/program files (x86)/atmel/studio/7.0/toolchain/arm/arm-gnu-toolchain/bin/../lib/gcc/arm-none-eabi/6.3.1/thumb/v6-m/crtbegin.o

.ARM.exidx
 *(.ARM.exidx* .gnu.linkonce.armexidx.*)
                [!provide]                PROVIDE (__exidx_end, .)
                0x00002ab4                . = ALIGN (0x4)
                0x00002ab4                _etext = .

.relocate       0x20000000       0x68 load address 0x00002ab4
                0x20000000                . = ALIGN (0x4)
                0x20000000                _srelocate = .
 *(.ramfunc .ramfunc.*)
 *(.data .data.*)
 .data          0x20000000        0x8 usb/class/cdc/device/cdcdf_acm.o
 .data          0x20000008       0x5d usb_start.o
                0x20000068                . = ALIGN (0x4)
 *fill*         0x20000065        0x3 
                0x20000068                _erelocate = .

.bss            0x20000068      0x398 load address 0x00002b1c
                0x20000068                . = ALIGN (0x4)
                0x20000068                _sbss = .
                0x20000068                _szero = .
 *(.bss .bss.*)
 .bss           0x20000068       0x1c c:/program files (x86)/atmel/studio/7.0/toolchain/arm/arm-gnu-toolchain/bin/../lib/gcc/arm-none-eabi/6.3.1/thumb/v6-m/crtbegin.o
 .bss           0x20000084       0x80 hal/src/hal_usb_device.o
 .bss           0x20000104        0x4 hpl/nvmctrl/hpl_nvmctrl.o
 .bss           0x20000108      0x1e8 hpl/usb/hpl_usb.o
 .bss           0x200002f0       0x24 usb/class/cdc/device/cdcdf_acm.o
 .bss           0x20000314       0x20 usb/device/usbdc.o
 .bss           0x20000334       0x80 usb_start.o
 *(COMMON)
 COMMON         0x200003b4       0x4c driver_init.o
                0x200003b4                RED_BOARD_SPI_FLASH
                0x200003cc                INTERNAL_FLASH
                0x200003e8                M0_SPI_FLASH
                0x20000400                . = ALIGN (0x4)
                0x20000400                _ebss = .
                0x20000400                _ezero = .

.stack          0x20000400     0x2000 load address 0x00002eb4
                0x20000400                . = ALIGN (0x8)
                0x20000400                _sstack = .
                0x20002400                . = (. + STACK_SIZE)
 *fill*         0x20000400     0x2000 
                0x20002400                . = ALIGN (0x8)
                0x20002400                _estack = .
                0x20002400                . = ALIGN (0x4)
                0x20002400                _end = .
OUTPUT(dualoptiboot-asf.elf elf32-littlearm)

.ARM.attributes
                0x00000000       0x28
 .ARM.attributes
                0x00000000       0x1e c:/program files (x86)/atmel/studio/7.0/toolchain/arm/arm-gnu-toolchain/bin/../lib/gcc/arm-none-eabi/6.3.1/thumb/v6-m/crti.o
 .ARM.attributes
                0x0000001e       0x2c c:/program files (x86)/atmel/studio/7.0/toolchain/arm/arm-gnu-toolchain/bin/../lib/gcc/arm-none-eabi/6.3.1/thumb/v6-m/crtbegin.o
 .ARM.attributes
                0x0000004a       0x32 atmel_start.o
 .ARM.attributes
                0x0000007c       0x32 Device_Startup/startup_samd21.o
 .ARM.attributes
                0x000000ae       0x32 driver_init.o
 .ARM.attributes
                0x000000e0       0x32 hal/src/hal_atomic.o
 .ARM.attributes
                0x00000112       0x32 hal/src/hal_flash.o
 .ARM.attributes
                0x00000144       0x32 hal/src/hal_spi_m_sync.o
 .ARM.attributes
                0x00000176       0x32 hal/src/hal_usb_device.o
 .ARM.attributes
                0x000001a8       0x32 hal/utils/src/utils_assert.o
 .ARM.attributes
                0x000001da       0x32 hal/utils/src/utils_list.o
 .ARM.attributes
                0x0000020c       0x32 hpl/core/hpl_init.o
 .ARM.attributes
                0x0000023e       0x32 hpl/gclk/hpl_gclk.o
 .ARM.attributes
                0x00000270       0x32 hpl/nvmctrl/hpl_nvmctrl.o
 .ARM.attributes
                0x000002a2       0x32 hpl/pm/hpl_pm.o
 .ARM.attributes
                0x000002d4       0x32 hpl/sercom/hpl_sercom.o
 .ARM.attributes
                0x00000306       0x32 hpl/sysctrl/hpl_sysctrl.o
 .ARM.attributes
                0x00000338       0x32 hpl/usb/hpl_usb.o
 .ARM.attributes
                0x0000036a       0x32 main.o
 .ARM.attributes
                0x0000039c       0x32 usb/class/cdc/device/cdcdf_acm.o
 .ARM.attributes
                0x000003ce       0x32 usb/device/usbdc.o
 .ARM.attributes
                0x00000400       0x32 usb/usb_protocol.o
 .ARM.attributes
                0x00000432       0x32 usb_start.o
 .ARM.attributes
                0x00000464       0x1e c:/program files (x86)/atmel/studio/7.0/toolchain/arm/arm-gnu-toolchain/bin/../lib/gcc/arm-none-eabi/6.3.1/thumb/v6-m\libgcc.a(_thumb1_case_sqi.o)
 .ARM.attributes
                0x00000482       0x1e c:/program files (x86)/atmel/studio/7.0/toolchain/arm/arm-gnu-toolchain/bin/../lib/gcc/arm-none-eabi/6.3.1/thumb/v6-m\libgcc.a(_thumb1_case_uqi.o)
 .ARM.attributes
                0x000004a0       0x1e c:/program files (x86)/atmel/studio/7.0/toolchain/arm/arm-gnu-toolchain/bin/../lib/gcc/arm-none-eabi/6.3.1/thumb/v6-m\libgcc.a(_thumb1_case_shi.o)
 .ARM.attributes
                0x000004be       0x2c c:/program files (x86)/atmel/studio/7.0/toolchain/arm/arm-gnu-toolchain/bin/../lib/gcc/arm-none-eabi/6.3.1/../../../../arm-none-eabi/lib/thumb/v6-m\libc_nano.a(lib_a-init.o)
 .ARM.attributes
                0x000004ea       0x2c c:/program files (x86)/atmel/studio/7.0/toolchain/arm/arm-gnu-toolchain/bin/../lib/gcc/arm-none-eabi/6.3.1/../../../../arm-none-eabi/lib/thumb/v6-m\libc_nano.a(lib_a-memcpy-stub.o)
 .ARM.attributes
                0x00000516       0x2c c:/program files (x86)/atmel/studio/7.0/toolchain/arm/arm-gnu-toolchain/bin/../lib/gcc/arm-none-eabi/6.3.1/../../../../arm-none-eabi/lib/thumb/v6-m\libc_nano.a(lib_a-memset.o)
 .ARM.attributes
                0x00000542       0x1e c:/program files (x86)/atmel/studio/7.0/toolchain/arm/arm-gnu-toolchain/bin/../lib/gcc/arm-none-eabi/6.3.1/thumb/v6-m/crtn.o

.comment        0x00000000       0x59
 .comment       0x00000000       0x59 atmel_start.o
                                 0x5a (size before relaxing)
 .comment       0x00000059       0x5a Device_Startup/startup_samd21.o
 .comment       0x00000059       0x5a driver_init.o
 .comment       0x00000059       0x5a hal/src/hal_atomic.o
 .comment       0x00000059       0x5a hal/src/hal_flash.o
 .comment       0x00000059       0x5a hal/src/hal_spi_m_sync.o
 .comment       0x00000059       0x5a hal/src/hal_usb_device.o
 .comment       0x00000059       0x5a hal/utils/src/utils_assert.o
 .comment       0x00000059       0x5a hal/utils/src/utils_list.o
 .comment       0x00000059       0x5a hpl/core/hpl_init.o
 .comment       0x00000059       0x5a hpl/gclk/hpl_gclk.o
 .comment       0x00000059       0x5a hpl/nvmctrl/hpl_nvmctrl.o
 .comment       0x00000059       0x5a hpl/pm/hpl_pm.o
 .comment       0x00000059       0x5a hpl/sercom/hpl_sercom.o
 .comment       0x00000059       0x5a hpl/sysctrl/hpl_sysctrl.o
 .comment       0x00000059       0x5a hpl/usb/hpl_usb.o
 .comment       0x00000059       0x5a main.o
 .comment       0x00000059       0x5a usb/class/cdc/device/cdcdf_acm.o
 .comment       0x00000059       0x5a usb/device/usbdc.o
 .comment       0x00000059       0x5a usb/usb_protocol.o
 .comment       0x00000059       0x5a usb_start.o

.debug_info     0x00000000    0x2eb4b
 .debug_info    0x00000000      0xcb4 atmel_start.o
 .debug_info    0x00000cb4     0x3a28 Device_Startup/startup_samd21.o
 .debug_info    0x000046dc     0x871c driver_init.o
 .debug_info    0x0000cdf8      0x1d1 hal/src/hal_atomic.o
 .debug_info    0x0000cfc9      0xc1c hal/src/hal_flash.o
 .debug_info    0x0000dbe5      0x9c9 hal/src/hal_spi_m_sync.o
 .debug_info    0x0000e5ae     0x1e23 hal/src/hal_usb_device.o
 .debug_info    0x000103d1      0x107 hal/utils/src/utils_assert.o
 .debug_info    0x000104d8      0x310 hal/utils/src/utils_list.o
 .debug_info    0x000107e8      0x68a hpl/core/hpl_init.o
 .debug_info    0x00010e72      0x5a9 hpl/gclk/hpl_gclk.o
 .debug_info    0x0001141b     0x28f0 hpl/nvmctrl/hpl_nvmctrl.o
 .debug_info    0x00013d0b      0xc6d hpl/pm/hpl_pm.o
 .debug_info    0x00014978     0xa227 hpl/sercom/hpl_sercom.o
 .debug_info    0x0001eb9f     0x1894 hpl/sysctrl/hpl_sysctrl.o
 .debug_info    0x00020433     0x80e7 hpl/usb/hpl_usb.o
 .debug_info    0x0002851a      0xcb8 main.o
 .debug_info    0x000291d2     0x179e usb/class/cdc/device/cdcdf_acm.o
 .debug_info    0x0002a970     0x229e usb/device/usbdc.o
 .debug_info    0x0002cc0e      0xe17 usb/usb_protocol.o
 .debug_info    0x0002da25     0x1126 usb_start.o

.debug_abbrev   0x00000000     0x3da4
 .debug_abbrev  0x00000000      0x1ad atmel_start.o
 .debug_abbrev  0x000001ad      0x234 Device_Startup/startup_samd21.o
 .debug_abbrev  0x000003e1      0x426 driver_init.o
 .debug_abbrev  0x00000807      0x144 hal/src/hal_atomic.o
 .debug_abbrev  0x0000094b      0x1d4 hal/src/hal_flash.o
 .debug_abbrev  0x00000b1f      0x1b1 hal/src/hal_spi_m_sync.o
 .debug_abbrev  0x00000cd0      0x4af hal/src/hal_usb_device.o
 .debug_abbrev  0x0000117f       0x86 hal/utils/src/utils_assert.o
 .debug_abbrev  0x00001205      0x159 hal/utils/src/utils_list.o
 .debug_abbrev  0x0000135e      0x1d9 hpl/core/hpl_init.o
 .debug_abbrev  0x00001537      0x1ca hpl/gclk/hpl_gclk.o
 .debug_abbrev  0x00001701      0x5ef hpl/nvmctrl/hpl_nvmctrl.o
 .debug_abbrev  0x00001cf0      0x231 hpl/pm/hpl_pm.o
 .debug_abbrev  0x00001f21      0x630 hpl/sercom/hpl_sercom.o
 .debug_abbrev  0x00002551      0x28a hpl/sysctrl/hpl_sysctrl.o
 .debug_abbrev  0x000027db      0x65a hpl/usb/hpl_usb.o
 .debug_abbrev  0x00002e35      0x1af main.o
 .debug_abbrev  0x00002fe4      0x421 usb/class/cdc/device/cdcdf_acm.o
 .debug_abbrev  0x00003405      0x43b usb/device/usbdc.o
 .debug_abbrev  0x00003840      0x2a7 usb/usb_protocol.o
 .debug_abbrev  0x00003ae7      0x2bd usb_start.o

.debug_loc      0x00000000    0x10665
 .debug_loc     0x00000000       0x20 atmel_start.o
 .debug_loc     0x00000020       0x4b Device_Startup/startup_samd21.o
 .debug_loc     0x0000006b      0xf57 driver_init.o
 .debug_loc     0x00000fc2       0x13 hal/src/hal_atomic.o
 .debug_loc     0x00000fd5      0xa96 hal/src/hal_flash.o
 .debug_loc     0x00001a6b      0x679 hal/src/hal_spi_m_sync.o
 .debug_loc     0x000020e4     0x1075 hal/src/hal_usb_device.o
 .debug_loc     0x00003159      0x1c2 hal/utils/src/utils_list.o
 .debug_loc     0x0000331b       0x4c hpl/core/hpl_init.o
 .debug_loc     0x00003367      0x148 hpl/gclk/hpl_gclk.o
 .debug_loc     0x000034af     0x18e5 hpl/nvmctrl/hpl_nvmctrl.o
 .debug_loc     0x00004d94      0x10d hpl/pm/hpl_pm.o
 .debug_loc     0x00004ea1     0x60ce hpl/sercom/hpl_sercom.o
 .debug_loc     0x0000af6f      0x1b8 hpl/sysctrl/hpl_sysctrl.o
 .debug_loc     0x0000b127     0x343b hpl/usb/hpl_usb.o
 .debug_loc     0x0000e562       0x20 main.o
 .debug_loc     0x0000e582      0x892 usb/class/cdc/device/cdcdf_acm.o
 .debug_loc     0x0000ee14     0x133f usb/device/usbdc.o
 .debug_loc     0x00010153      0x38c usb/usb_protocol.o
 .debug_loc     0x000104df      0x186 usb_start.o

.debug_aranges  0x00000000      0xd28
 .debug_aranges
                0x00000000       0x20 atmel_start.o
 .debug_aranges
                0x00000020       0x28 Device_Startup/startup_samd21.o
 .debug_aranges
                0x00000048       0x90 driver_init.o
 .debug_aranges
                0x000000d8       0x30 hal/src/hal_atomic.o
 .debug_aranges
                0x00000108       0x90 hal/src/hal_flash.o
 .debug_aranges
                0x00000198       0x88 hal/src/hal_spi_m_sync.o
 .debug_aranges
                0x00000220      0x100 hal/src/hal_usb_device.o
 .debug_aranges
                0x00000320       0x20 hal/utils/src/utils_assert.o
 .debug_aranges
                0x00000340       0x48 hal/utils/src/utils_list.o
 .debug_aranges
                0x00000388       0x20 hpl/core/hpl_init.o
 .debug_aranges
                0x000003a8       0x28 hpl/gclk/hpl_gclk.o
 .debug_aranges
                0x000003d0       0xc0 hpl/nvmctrl/hpl_nvmctrl.o
 .debug_aranges
                0x00000490       0x30 hpl/pm/hpl_pm.o
 .debug_aranges
                0x000004c0      0x500 hpl/sercom/hpl_sercom.o
 .debug_aranges
                0x000009c0       0x28 hpl/sysctrl/hpl_sysctrl.o
 .debug_aranges
                0x000009e8      0x140 hpl/usb/hpl_usb.o
 .debug_aranges
                0x00000b28       0x20 main.o
 .debug_aranges
                0x00000b48       0x70 usb/class/cdc/device/cdcdf_acm.o
 .debug_aranges
                0x00000bb8       0xe0 usb/device/usbdc.o
 .debug_aranges
                0x00000c98       0x48 usb/usb_protocol.o
 .debug_aranges
                0x00000ce0       0x48 usb_start.o

.debug_ranges   0x00000000     0x2688
 .debug_ranges  0x00000000       0x10 atmel_start.o
 .debug_ranges  0x00000010       0x18 Device_Startup/startup_samd21.o
 .debug_ranges  0x00000028      0x258 driver_init.o
 .debug_ranges  0x00000280       0x20 hal/src/hal_atomic.o
 .debug_ranges  0x000002a0       0x80 hal/src/hal_flash.o
 .debug_ranges  0x00000320       0x78 hal/src/hal_spi_m_sync.o
 .debug_ranges  0x00000398      0x150 hal/src/hal_usb_device.o
 .debug_ranges  0x000004e8       0x10 hal/utils/src/utils_assert.o
 .debug_ranges  0x000004f8       0x50 hal/utils/src/utils_list.o
 .debug_ranges  0x00000548       0x28 hpl/core/hpl_init.o
 .debug_ranges  0x00000570       0x18 hpl/gclk/hpl_gclk.o
 .debug_ranges  0x00000588      0x2e0 hpl/nvmctrl/hpl_nvmctrl.o
 .debug_ranges  0x00000868       0x50 hpl/pm/hpl_pm.o
 .debug_ranges  0x000008b8     0x1178 hpl/sercom/hpl_sercom.o
 .debug_ranges  0x00001a30       0x98 hpl/sysctrl/hpl_sysctrl.o
 .debug_ranges  0x00001ac8      0x7c8 hpl/usb/hpl_usb.o
 .debug_ranges  0x00002290       0x10 main.o
 .debug_ranges  0x000022a0      0x148 usb/class/cdc/device/cdcdf_acm.o
 .debug_ranges  0x000023e8      0x230 usb/device/usbdc.o
 .debug_ranges  0x00002618       0x38 usb/usb_protocol.o
 .debug_ranges  0x00002650       0x38 usb_start.o

.debug_macro    0x00000000    0x1a201
 .debug_macro   0x00000000      0x670 atmel_start.o
 .debug_macro   0x00000670      0x8c2 atmel_start.o
 .debug_macro   0x00000f32      0x16d atmel_start.o
 .debug_macro   0x0000109f       0x22 atmel_start.o
 .debug_macro   0x000010c1       0x87 atmel_start.o
 .debug_macro   0x00001148       0x51 atmel_start.o
 .debug_macro   0x00001199       0xef atmel_start.o
 .debug_macro   0x00001288       0x6a atmel_start.o
 .debug_macro   0x000012f2      0x1df atmel_start.o
 .debug_macro   0x000014d1       0x22 atmel_start.o
 .debug_macro   0x000014f3       0x3f atmel_start.o
 .debug_macro   0x00001532       0x1c atmel_start.o
 .debug_macro   0x0000154e       0x22 atmel_start.o
 .debug_macro   0x00001570       0xb5 atmel_start.o
 .debug_macro   0x00001625      0x3ad atmel_start.o
 .debug_macro   0x000019d2      0x67e atmel_start.o
 .debug_macro   0x00002050      0x8b1 atmel_start.o
 .debug_macro   0x00002901      0x22e atmel_start.o
 .debug_macro   0x00002b2f      0xd5c atmel_start.o
 .debug_macro   0x0000388b      0x4dc atmel_start.o
 .debug_macro   0x00003d67      0x9f6 atmel_start.o
 .debug_macro   0x0000475d      0x82b atmel_start.o
 .debug_macro   0x00004f88      0x45f atmel_start.o
 .debug_macro   0x000053e7       0x5e atmel_start.o
 .debug_macro   0x00005445      0x8f9 atmel_start.o
 .debug_macro   0x00005d3e      0x21c atmel_start.o
 .debug_macro   0x00005f5a      0x735 atmel_start.o
 .debug_macro   0x0000668f       0x5e atmel_start.o
 .debug_macro   0x000066ed      0x632 atmel_start.o
 .debug_macro   0x00006d1f      0x3ac atmel_start.o
 .debug_macro   0x000070cb      0xc76 atmel_start.o
 .debug_macro   0x00007d41     0x1092 atmel_start.o
 .debug_macro   0x00008dd3      0xc4a atmel_start.o
 .debug_macro   0x00009a1d      0x6ba atmel_start.o
 .debug_macro   0x0000a0d7     0x1b3d atmel_start.o
 .debug_macro   0x0000bc14     0x143c atmel_start.o
 .debug_macro   0x0000d050      0x340 atmel_start.o
 .debug_macro   0x0000d390       0x7c atmel_start.o
 .debug_macro   0x0000d40c       0xa0 atmel_start.o
 .debug_macro   0x0000d4ac       0x4c atmel_start.o
 .debug_macro   0x0000d4f8       0xca atmel_start.o
 .debug_macro   0x0000d5c2       0x94 atmel_start.o
 .debug_macro   0x0000d656       0x58 atmel_start.o
 .debug_macro   0x0000d6ae      0x341 atmel_start.o
 .debug_macro   0x0000d9ef       0x82 atmel_start.o
 .debug_macro   0x0000da71      0x189 atmel_start.o
 .debug_macro   0x0000dbfa       0xb8 atmel_start.o
 .debug_macro   0x0000dcb2       0xa0 atmel_start.o
 .debug_macro   0x0000dd52       0xb2 atmel_start.o
 .debug_macro   0x0000de04       0x1c atmel_start.o
 .debug_macro   0x0000de20       0x1c atmel_start.o
 .debug_macro   0x0000de3c       0x1c atmel_start.o
 .debug_macro   0x0000de58       0x7c atmel_start.o
 .debug_macro   0x0000ded4      0x15a atmel_start.o
 .debug_macro   0x0000e02e       0x10 atmel_start.o
 .debug_macro   0x0000e03e       0xdc atmel_start.o
 .debug_macro   0x0000e11a      0x124 atmel_start.o
 .debug_macro   0x0000e23e      0x124 atmel_start.o
 .debug_macro   0x0000e362      0x124 atmel_start.o
 .debug_macro   0x0000e486      0x124 atmel_start.o
 .debug_macro   0x0000e5aa      0x124 atmel_start.o
 .debug_macro   0x0000e6ce      0x124 atmel_start.o
 .debug_macro   0x0000e7f2      0x124 atmel_start.o
 .debug_macro   0x0000e916       0xe2 atmel_start.o
 .debug_macro   0x0000e9f8       0xe2 atmel_start.o
 .debug_macro   0x0000eada       0xe2 atmel_start.o
 .debug_macro   0x0000ebbc      0x12a atmel_start.o
 .debug_macro   0x0000ece6      0x100 atmel_start.o
 .debug_macro   0x0000ede6       0xf4 atmel_start.o
 .debug_macro   0x0000eeda      0x40f atmel_start.o
 .debug_macro   0x0000f2e9       0x40 atmel_start.o
 .debug_macro   0x0000f329      0x376 atmel_start.o
 .debug_macro   0x0000f69f     0x17df atmel_start.o
 .debug_macro   0x00010e7e       0x6d atmel_start.o
 .debug_macro   0x00010eeb       0x10 atmel_start.o
 .debug_macro   0x00010efb       0x10 atmel_start.o
 .debug_macro   0x00010f0b       0x16 atmel_start.o
 .debug_macro   0x00010f21       0x16 atmel_start.o
 .debug_macro   0x00010f37       0x16 atmel_start.o
 .debug_macro   0x00010f4d       0x16 atmel_start.o
 .debug_macro   0x00010f63       0x16 atmel_start.o
 .debug_macro   0x00010f79       0x16 atmel_start.o
 .debug_macro   0x00010f8f       0x16 atmel_start.o
 .debug_macro   0x00010fa5       0x16 atmel_start.o
 .debug_macro   0x00010fbb       0x16 atmel_start.o
 .debug_macro   0x00010fd1       0x16 atmel_start.o
 .debug_macro   0x00010fe7       0x16 atmel_start.o
 .debug_macro   0x00010ffd       0x16 atmel_start.o
 .debug_macro   0x00011013       0x16 atmel_start.o
 .debug_macro   0x00011029       0x16 atmel_start.o
 .debug_macro   0x0001103f      0x4c3 atmel_start.o
 .debug_macro   0x00011502       0x94 atmel_start.o
 .debug_macro   0x00011596       0x16 atmel_start.o
 .debug_macro   0x000115ac       0x6a atmel_start.o
 .debug_macro   0x00011616      0x28c atmel_start.o
 .debug_macro   0x000118a2      0x4d8 atmel_start.o
 .debug_macro   0x00011d7a       0x16 atmel_start.o
 .debug_macro   0x00011d90       0xca atmel_start.o
 .debug_macro   0x00011e5a       0x1c atmel_start.o
 .debug_macro   0x00011e76       0x16 atmel_start.o
 .debug_macro   0x00011e8c       0x70 atmel_start.o
 .debug_macro   0x00011efc       0xc9 atmel_start.o
 .debug_macro   0x00011fc5       0xd1 atmel_start.o
 .debug_macro   0x00012096       0xee atmel_start.o
 .debug_macro   0x00012184       0x58 atmel_start.o
 .debug_macro   0x000121dc       0x35 atmel_start.o
 .debug_macro   0x00012211       0x9c atmel_start.o
 .debug_macro   0x000122ad       0x58 atmel_start.o
 .debug_macro   0x00012305       0x1f atmel_start.o
 .debug_macro   0x00012324       0x43 atmel_start.o
 .debug_macro   0x00012367       0x20 atmel_start.o
 .debug_macro   0x00012387      0x187 atmel_start.o
 .debug_macro   0x0001250e      0x34d atmel_start.o
 .debug_macro   0x0001285b       0x10 atmel_start.o
 .debug_macro   0x0001286b       0x35 atmel_start.o
 .debug_macro   0x000128a0       0x76 atmel_start.o
 .debug_macro   0x00012916      0x11b atmel_start.o
 .debug_macro   0x00012a31      0x12b atmel_start.o
 .debug_macro   0x00012b5c      0x256 atmel_start.o
 .debug_macro   0x00012db2       0x4c atmel_start.o
 .debug_macro   0x00012dfe      0x2fc Device_Startup/startup_samd21.o
 .debug_macro   0x000130fa       0x39 Device_Startup/startup_samd21.o
 .debug_macro   0x00013133      0x556 driver_init.o
 .debug_macro   0x00013689       0x50 driver_init.o
 .debug_macro   0x000136d9      0x42a hal/src/hal_atomic.o
 .debug_macro   0x00013b03      0x45a hal/src/hal_flash.o
 .debug_macro   0x00013f5d      0x480 hal/src/hal_spi_m_sync.o
 .debug_macro   0x000143dd      0x512 hal/src/hal_usb_device.o
 .debug_macro   0x000148ef       0xcb hal/src/hal_usb_device.o
 .debug_macro   0x000149ba      0x433 hal/utils/src/utils_assert.o
 .debug_macro   0x00014ded       0x10 hal/utils/src/utils_assert.o
 .debug_macro   0x00014dfd      0x437 hal/utils/src/utils_list.o
 .debug_macro   0x00015234      0x4a4 hpl/core/hpl_init.o
 .debug_macro   0x000156d8       0x2e hpl/core/hpl_init.o
 .debug_macro   0x00015706      0x6ec hpl/core/hpl_init.o
 .debug_macro   0x00015df2      0x446 hpl/gclk/hpl_gclk.o
 .debug_macro   0x00016238      0x1f3 hpl/gclk/hpl_gclk.o
 .debug_macro   0x0001642b      0x56a hpl/nvmctrl/hpl_nvmctrl.o
 .debug_macro   0x00016995       0x1c hpl/nvmctrl/hpl_nvmctrl.o
 .debug_macro   0x000169b1      0x469 hpl/pm/hpl_pm.o
 .debug_macro   0x00016e1a      0x66a hpl/sercom/hpl_sercom.o
 .debug_macro   0x00017484       0x70 hpl/sercom/hpl_sercom.o
 .debug_macro   0x000174f4      0x135 hpl/sercom/hpl_sercom.o
 .debug_macro   0x00017629       0x10 hpl/sercom/hpl_sercom.o
 .debug_macro   0x00017639       0x1c hpl/sercom/hpl_sercom.o
 .debug_macro   0x00017655       0x22 hpl/sercom/hpl_sercom.o
 .debug_macro   0x00017677       0x10 hpl/sercom/hpl_sercom.o
 .debug_macro   0x00017687      0x440 hpl/sysctrl/hpl_sysctrl.o
 .debug_macro   0x00017ac7      0x2da hpl/sysctrl/hpl_sysctrl.o
 .debug_macro   0x00017da1      0x6da hpl/usb/hpl_usb.o
 .debug_macro   0x0001847b      0x674 main.o
 .debug_macro   0x00018aef      0x576 usb/class/cdc/device/cdcdf_acm.o
 .debug_macro   0x00019065       0xaf usb/class/cdc/device/cdcdf_acm.o
 .debug_macro   0x00019114      0x555 usb/device/usbdc.o
 .debug_macro   0x00019669      0x523 usb/usb_protocol.o
 .debug_macro   0x00019b8c      0x675 usb_start.o

.debug_line     0x00000000    0x11afb
 .debug_line    0x00000000      0xc44 atmel_start.o
 .debug_line    0x00000c44      0x703 Device_Startup/startup_samd21.o
 .debug_line    0x00001347      0xe69 driver_init.o
 .debug_line    0x000021b0      0x974 hal/src/hal_atomic.o
 .debug_line    0x00002b24      0xc0a hal/src/hal_flash.o
 .debug_line    0x0000372e      0xb32 hal/src/hal_spi_m_sync.o
 .debug_line    0x00004260      0xd59 hal/src/hal_usb_device.o
 .debug_line    0x00004fb9      0x93e hal/utils/src/utils_assert.o
 .debug_line    0x000058f7      0x9d1 hal/utils/src/utils_list.o
 .debug_line    0x000062c8      0xa2b hpl/core/hpl_init.o
 .debug_line    0x00006cf3      0x9b5 hpl/gclk/hpl_gclk.o
 .debug_line    0x000076a8     0x1033 hpl/nvmctrl/hpl_nvmctrl.o
 .debug_line    0x000086db      0x9fb hpl/pm/hpl_pm.o
 .debug_line    0x000090d6     0x2abd hpl/sercom/hpl_sercom.o
 .debug_line    0x0000bb93      0xa73 hpl/sysctrl/hpl_sysctrl.o
 .debug_line    0x0000c606     0x16ad hpl/usb/hpl_usb.o
 .debug_line    0x0000dcb3      0xc3f main.o
 .debug_line    0x0000e8f2      0xc83 usb/class/cdc/device/cdcdf_acm.o
 .debug_line    0x0000f575      0xe08 usb/device/usbdc.o
 .debug_line    0x0001037d      0xae0 usb/usb_protocol.o
 .debug_line    0x00010e5d      0xc9e usb_start.o

.debug_str      0x00000000    0x8a84e
 .debug_str     0x00000000    0x7c627 atmel_start.o
                              0x7cb3e (size before relaxing)
 .debug_str     0x0007c627     0x1089 Device_Startup/startup_samd21.o
                              0x6e279 (size before relaxing)
 .debug_str     0x0007d6b0     0x13cf driver_init.o
                              0x791cb (size before relaxing)
 .debug_str     0x0007ea7f       0x9c hal/src/hal_atomic.o
                              0x75d39 (size before relaxing)
 .debug_str     0x0007eb1b      0x1dc hal/src/hal_flash.o
                              0x76571 (size before relaxing)
 .debug_str     0x0007ecf7      0x2e8 hal/src/hal_spi_m_sync.o
                              0x766d3 (size before relaxing)
 .debug_str     0x0007efdf      0x823 hal/src/hal_usb_device.o
                              0x79f3a (size before relaxing)
 .debug_str     0x0007f802       0x2a hal/utils/src/utils_assert.o
                              0x75d49 (size before relaxing)
 .debug_str     0x0007f82c       0x9c hal/utils/src/utils_list.o
                              0x75df3 (size before relaxing)
 .debug_str     0x0007f8c8     0x17d7 hpl/core/hpl_init.o
                              0x7798f (size before relaxing)
 .debug_str     0x0008109f      0x851 hpl/gclk/hpl_gclk.o
                              0x76668 (size before relaxing)
 .debug_str     0x000818f0      0x9f1 hpl/nvmctrl/hpl_nvmctrl.o
                              0x79c68 (size before relaxing)
 .debug_str     0x000822e1      0x194 hpl/pm/hpl_pm.o
                              0x764ee (size before relaxing)
 .debug_str     0x00082475     0x4ac3 hpl/sercom/hpl_sercom.o
                              0x7bbdf (size before relaxing)
 .debug_str     0x00086f38     0x128f hpl/sysctrl/hpl_sysctrl.o
                              0x771ad (size before relaxing)
 .debug_str     0x000881c7     0x178c hpl/usb/hpl_usb.o
                              0x7c03c (size before relaxing)
 .debug_str     0x00089953       0x1d main.o
                              0x7cb38 (size before relaxing)
 .debug_str     0x00089970      0x78c usb/class/cdc/device/cdcdf_acm.o
                              0x7c330 (size before relaxing)
 .debug_str     0x0008a0fc      0x53f usb/device/usbdc.o
                              0x7b999 (size before relaxing)
 .debug_str     0x0008a63b       0xe4 usb/usb_protocol.o
                              0x79f4d (size before relaxing)
 .debug_str     0x0008a71f      0x12f usb_start.o
                              0x7ce31 (size before relaxing)

.debug_frame    0x00000000     0x24dc
 .debug_frame   0x00000000       0x28 atmel_start.o
 .debug_frame   0x00000028       0x3c Device_Startup/startup_samd21.o
 .debug_frame   0x00000064      0x16c driver_init.o
 .debug_frame   0x000001d0       0x40 hal/src/hal_atomic.o
 .debug_frame   0x00000210      0x1c4 hal/src/hal_flash.o
 .debug_frame   0x000003d4      0x190 hal/src/hal_spi_m_sync.o
 .debug_frame   0x00000564      0x304 hal/src/hal_usb_device.o
 .debug_frame   0x00000868       0x20 hal/utils/src/utils_assert.o
 .debug_frame   0x00000888       0x88 hal/utils/src/utils_list.o
 .debug_frame   0x00000910       0x28 hpl/core/hpl_init.o
 .debug_frame   0x00000938       0x30 hpl/gclk/hpl_gclk.o
 .debug_frame   0x00000968      0x234 hpl/nvmctrl/hpl_nvmctrl.o
 .debug_frame   0x00000b9c       0x40 hpl/pm/hpl_pm.o
 .debug_frame   0x00000bdc      0xfb0 hpl/sercom/hpl_sercom.o
 .debug_frame   0x00001b8c       0x30 hpl/sysctrl/hpl_sysctrl.o
 .debug_frame   0x00001bbc      0x3a0 hpl/usb/hpl_usb.o
 .debug_frame   0x00001f5c       0x28 main.o
 .debug_frame   0x00001f84      0x11c usb/class/cdc/device/cdcdf_acm.o
 .debug_frame   0x000020a0      0x27c usb/device/usbdc.o
 .debug_frame   0x0000231c       0xa4 usb/usb_protocol.o
 .debug_frame   0x000023c0       0xa8 usb_start.o
 .debug_frame   0x00002468       0x2c c:/program files (x86)/atmel/studio/7.0/toolchain/arm/arm-gnu-toolchain/bin/../lib/gcc/arm-none-eabi/6.3.1/../../../../arm-none-eabi/lib/thumb/v6-m\libc_nano.a(lib_a-init.o)
 .debug_frame   0x00002494       0x28 c:/program files (x86)/atmel/studio/7.0/toolchain/arm/arm-gnu-toolchain/bin/../lib/gcc/arm-none-eabi/6.3.1/../../../../arm-none-eabi/lib/thumb/v6-m\libc_nano.a(lib_a-memcpy-stub.o)
 .debug_frame   0x000024bc       0x20 c:/program files (x86)/atmel/studio/7.0/toolchain/arm/arm-gnu-toolchain/bin/../lib/gcc/arm-none-eabi/6.3.1/../../../../arm-none-eabi/lib/thumb/v6-m\libc_nano.a(lib_a-memset.o)
